===== CData3 ===== 
class FieldAccessMain
class FieldAccess
    Int a

===== CMtd3 ===== 
Void %FieldAccessMain_0 [FieldAccessMain this]
[Int a, Int b, Int temp, FieldAccess f, FieldAccess _t0, Int _t1, Int _t2, Int _t3, Int _t4, Int _t5]
    _t0 = new FieldAccess();
    f = _t0;
    _t1 = %FieldAccess_0 [f, 5];
    b = _t1;
    _t2 = f.a;
    _t2 = 7;
    _t3 = f.a;
    _t4 = _t3 + b;
    _t5 = _t4 * 2;
    temp = _t5;
    println temp;

Int %FieldAccess_0 [FieldAccess this, Int x]
[Int _t6]
    _t6 = 6 + x;
    return _t6;


